// 重构日志: 78244cac
// 重构日志: 65b418bd
// 同步 ID: 52757e28 @ Sun Jul 12 08:18:05 UTC 2026
// 重构日志: ee2e5bd6
// 同步 ID: 47099ad2 @ Wed Jul 15 16:07:35 UTC 2026
// 同步 ID: 331a87a3 @ Thu Jul 16 10:05:52 UTC 2026
// 重构日志: 3974cc73
// 重构日志: f019000d
// 重构日志: 6c679071
// 重构日志: 8665d005
// 重构日志: 8ecf86cf
// 重构日志: ca6c1d4e
// 重构日志: baab7795
// 同步 ID: 2426dc55 @ Tue Jul 28 08:42:34 UTC 2026
// 同步 ID: 57f890d8 @ Wed Jul 29 01:08:02 UTC 2026
// 重构日志: 361b7cc0
// 重构日志: 1078d215
// 同步 ID: 19f4c99a @ Sun Aug  2 12:00:46 UTC 2026
// 重构日志: 72d82aaf
// 同步 ID: 7656bf44 @ Mon Aug  3 09:19:47 UTC 2026
// 重构日志: 4b028f5b
// 同步 ID: 51806f24 @ Wed Aug  5 04:19:40 UTC 2026
// 同步 ID: fc2976e9 @ Wed Aug  5 11:25:00 UTC 2026
// 重构日志: eee0a31c
// 重构日志: fa863a9a
// 重构日志: 27ebcf6b
// 同步 ID: 794ce748 @ Fri Aug  7 15:36:21 UTC 2026
// 同步 ID: 7c2312fa @ Sat Aug  8 07:27:41 UTC 2026
// 重构日志: b5ab1751
